Copyright (C) 1989-2014 Andre Fachat, Jolse Maginnis, David Weinehall
and Cameron Kaiser.
12+12=12+12=24
10+10=10+10=20
5+5=5+5=10
